// Vitest Snapshot v1, https://vitest.dev/guide/snapshot.html

exports[`Shimmer Component > matches the snapshot 1`] = `
<DocumentFragment>
  <div
    class="products flex-shrink-0 w-[45%] md:w-[18%] pb-0 p-2 md:px-2 md:pt-4 rounded-md relative overflow-y-scroll md:h-[60vh] "
  >
    <div
      class="w-full h-[50%] rounded-xl bg-gray-300 shimmer"
    />
    <div
      class="mt-2"
    >
      <p
        class="w-1/2 h-4 bg-gray-300 shimmer mx-auto rounded-md"
      />
      <p
        class="w-3/4 h-4 bg-gray-300 shimmer mt-2 rounded-md"
      />
      <p
        class="w-1/3 h-4 bg-gray-300 shimmer mx-auto mt-2 rounded-md"
      />
    </div>
    <div
      class="flex flex-col gap-2 mt-4"
    >
      <div
        class="w-full h-10 bg-gray-300 shimmer rounded-lg"
      />
      <div
        class="w-full h-10 bg-gray-300 shimmer rounded-lg mb-4"
      />
    </div>
  </div>
</DocumentFragment>
`;
